---
source: tests/cli.rs
expression: "std::str::from_utf8(&output.stderr).unwrap()"

---
"test_data/threshold/threshold.txt: Auto-detection seems to fail.\n"
