---
source: tests/cli.rs
expression: "std::str::from_utf8(&output.stderr).unwrap()"

---
""
