---
source: tests/cli.rs
expression: "std::str::from_utf8(&output.stdout).unwrap()"

---
aconv 0.1.0

