---
source: tests/cli.rs
expression: "std::str::from_utf8(&output.stdout).unwrap()"

---
"a\u{0}\u{0}\u{0}b\nc\u{0}\u{0}\u{0}d\n"
