---
source: tests/cli.rs
expression: output.stdout

---
[
    116,
    101,
    115,
    116,
    95,
    100,
    97,
    116,
    97,
    47,
    116,
    111,
    95,
    99,
    111,
    100,
    101,
    47,
    101,
    117,
    99,
    106,
    112,
    95,
    116,
    111,
    95,
    115,
    106,
    105,
    115,
    46,
    116,
    120,
    116,
    58,
    32,
    69,
    85,
    67,
    45,
    74,
    80,
    10,
]
