---
source: tests/cli.rs
expression: "std::str::from_utf8(&output.stdout).unwrap()"

---
"a\u{0}b\u{0}c\u{0}d\u{0}e\u{0}"
