---
source: tests/cli.rs
expression: "std::str::from_utf8(&output.stdout).unwrap()"

---
"\u{0}\u{0}\u{0}\u{0}\u{0}aaaaa\n"
